// Jest Snapshot v1, https://goo.gl/fbAQLP

exports[`UndecodableCallInfoLine Should match snapshot 1`] = `
.c0 {
  margin-right: 0.5rem;
  display: -webkit-inline-box;
  display: -webkit-inline-flex;
  display: -ms-inline-flexbox;
  display: inline-flex;
  -webkit-box-pack: center;
  -webkit-justify-content: center;
  -ms-flex-pack: center;
  justify-content: center;
  -webkit-align-items: center;
  -webkit-box-align: center;
  -ms-flex-align: center;
  align-items: center;
}

.c1 {
  color: #E75C5C;
}

<div>
   
  <span
    class="c0"
  >
    <svg
      color="#E75C5C"
      fill="none"
      height="16"
      stroke="currentColor"
      stroke-linecap="round"
      stroke-linejoin="round"
      stroke-width="2"
      style="color: rgb(231, 92, 92);"
      viewBox="0 0 24 24"
      width="16"
      xmlns="http://www.w3.org/2000/svg"
    >
      <circle
        cx="12"
        cy="12"
        r="10"
      />
      <line
        x1="12"
        x2="12"
        y1="8"
        y2="12"
      />
      <line
        x1="12"
        x2="12.01"
        y1="16"
        y2="16"
      />
    </svg>
  </span>
  <span
    class="c0 c1"
  >
    unknownAction
  </span>
   
</div>
`;
