// Jest Snapshot v1, https://goo.gl/fbAQLP

exports[`DiscussionCard should render with full parameters 1`] = `
.c1 {
  box-sizing: 'border-box';
  min-width: 0;
  margin: 0;
  padding: 0;
}

.c6 {
  display: Flex;
  -webkit-flex-direction: row;
  -ms-flex-direction: row;
  flex-direction: row;
  -webkit-box-pack: start;
  -webkit-justify-content: flex-start;
  -ms-flex-pack: start;
  justify-content: flex-start;
  -webkit-align-items: center;
  -webkit-box-align: center;
  -ms-flex-align: center;
  align-items: center;
  text-align: center;
  border-radius: 10px;
  margin: 0;
  padding: 0;
}

.c7 {
  display: Flex;
  -webkit-flex-direction: column;
  -ms-flex-direction: column;
  flex-direction: column;
  -webkit-box-pack: center;
  -webkit-justify-content: center;
  -ms-flex-pack: center;
  justify-content: center;
  -webkit-align-items: center;
  -webkit-box-align: center;
  -ms-flex-align: center;
  align-items: center;
  text-align: center;
  border-radius: 10px;
  margin: 0;
  padding: 0;
}

.c0 {
  -webkit-text-decoration: none;
  text-decoration: none;
  color: #fff;
}

.c0:focus,
.c0:hover,
.c0:visited,
.c0:link,
.c0:active {
  -webkit-text-decoration: none;
  text-decoration: none;
}

.c2 {
  border: 1px solid #303338;
  border-radius: 10px;
}

.c4 {
  font-family: 'Inter',-apple-system,BlinkMacSystemFont,'Segoe UI','Roboto','Oxygen','Ubuntu','Cantarell','Fira Sans','Droid Sans','Helvetica Neue',sans-serif;
  font-size: 16px;
  line-height: 1.5;
  font-weight: 500;
}

.c4 strong,
.c4 b {
  font-weight: 600;
}

.c5 {
  font-size: 1rem;
  font-weight: 700;
  margin: 0;
  margin-bottom: 12px;
}

.c8 {
  -webkit-flex-direction: row;
  -ms-flex-direction: row;
  flex-direction: row;
  -webkit-column-gap: 10px;
  column-gap: 10px;
  margin-right: 18px;
  font-weight: 600;
}

.c3 {
  margin-bottom: 1rem;
  padding: 20px 24px;
  color: #BDC0C7;
}

.c3:hover {
  border-color: #fff;
  color: #fff;
}

@media only screen and (min-width:768px) {
  .c5 {
    font-size: 1.25rem;
  }
}

<div>
   
  <a
    class="c0"
    data-testid="discussion-card"
    href="/undefined/undefined/discussion/kjzl6cwe1jw148wi063e3zuf4o1cgvcx9j40kps2fdihdfu9t5yqyntgfq4xsl1"
  >
    <div
      class="c1 c2 c3"
    >
      <h2
        class="c4 c5"
      >
        Title of the discussion
      </h2>
      <div
        class="c6"
        direction="row"
      >
        <div
          class="c7 c8"
        >
          test.eth
        </div>
      </div>
    </div>
  </a>
   
</div>
`;
