// Jest Snapshot v1, https://goo.gl/fbAQLP

exports[`UpdateENSNameSummary Should match snapshot 1`] = `
<div>
   
  <div
    class="sc-bdfBQB sc-eCstlR sc-gKseQn bmhbKs bBLIEL gyqctk"
  >
    <div
      class="sc-bdfBQB sc-jSgvzq bmhbKs jBBdOM"
    >
      Receiver
    </div>
    <div
      class="sc-bdfBQB sc-jSgvzq bmhbKs jBBdOM"
    >
      ENS Name
    </div>
  </div>
  <div
    class="sc-bdfBQB sc-eCstlR bmhbKs bBLIEL"
  >
    <div
      class="sc-bdfBQB sc-jSgvzq bmhbKs jBBdOM"
    >
      <span
        class="sc-iBPTik hHKrox"
      >
        <img
          alt="Avatar"
          class="sc-crrszt sc-dQoVA dbCIdw hJUgGW"
          data-testid="avatar"
          size="24"
          src="test"
        />
      </span>
      <span
        class="sc-iBPTik hHKrox"
      >
        test.eth
      </span>
    </div>
    <div
      class="sc-bdfBQB sc-jSgvzq bmhbKs jBBdOM"
    >
      kenny.eth
    </div>
  </div>
   
</div>
`;
