// Jest Snapshot v1, https://goo.gl/fbAQLP

exports[`Header Should match snapshot 1`] = `
<div>
   
  <header
    class="sc-dFJtaz hIXkyH"
  >
    <div
      class="sc-dmlqKv sc-bBXrwG sc-bsipwG dnUQws iVduUl dNcPyL"
    >
      <h2
        class="sc-TmdmN sc-euMpEg YhMIz caWKAy"
        size="2"
      >
        <strong>
          guilds.guilds
        </strong>
      </h2>
    </div>
  </header>
   
</div>
`;
