// Jest Snapshot v1, https://goo.gl/fbAQLP

exports[`ActionsModal Should match snapshot 1 1`] = `
<body>
   
   
</body>
`;

exports[`ActionsModal Should match snapshot 2 1`] = `
.c13 {
  display: -webkit-inline-box;
  display: -webkit-inline-flex;
  display: -ms-inline-flexbox;
  display: inline-flex;
  -webkit-box-pack: center;
  -webkit-justify-content: center;
  -ms-flex-pack: center;
  justify-content: center;
  -webkit-align-items: center;
  -webkit-box-align: center;
  -ms-flex-align: center;
  align-items: center;
  text-align: center;
  cursor: pointer;
  font-size: 14px;
  border: 1px solid #303338;
  background-color: transparent;
  color: #fff;
  border-radius: 32px;
  padding: 0.5rem 0.8rem;
  margin: 0.2rem;
  width: auto;
}

.c13:disabled {
  color: initial;
  opacity: 0.4;
  cursor: auto;
}

.c13:hover:enabled {
  border-color: #fff;
}

.c13:active:enabled {
  border: 1px solid #303338;
}

.c13:disabled {
  color: #303338;
}

.c4 {
  font-family: 'Inter',-apple-system,BlinkMacSystemFont,'Segoe UI','Roboto','Oxygen','Ubuntu','Cantarell','Fira Sans','Droid Sans','Helvetica Neue',sans-serif;
  font-size: 16px;
  line-height: 1.5;
  font-weight: 500;
}

.c4 strong,
.c4 b {
  font-weight: 600;
}

.c10 {
  display: Flex;
  -webkit-flex-direction: column;
  -ms-flex-direction: column;
  flex-direction: column;
  -webkit-box-pack: center;
  -webkit-justify-content: center;
  -ms-flex-pack: center;
  justify-content: center;
  -webkit-align-items: center;
  -webkit-box-align: center;
  -ms-flex-align: center;
  align-items: center;
  text-align: center;
  border-radius: 10px;
  margin: 0;
  padding: 0;
}

.c17 {
  display: Flex;
  -webkit-flex-direction: row;
  -ms-flex-direction: row;
  flex-direction: row;
  -webkit-box-pack: justify;
  -webkit-justify-content: space-between;
  -ms-flex-pack: justify;
  justify-content: space-between;
  -webkit-align-items: center;
  -webkit-box-align: center;
  -ms-flex-align: center;
  align-items: center;
  text-align: center;
  border-radius: 10px;
  margin: 0;
  padding: 0;
}

.c11 {
  text-align: left;
  font-family: Inter;
  margin: 4px;
  font-style: normal;
  color: #fff;
  font-weight: 600;
  font-size: 16px;
  line-height: 24px;
}

.c1 {
  position: fixed;
  top: 50%;
  left: 50%;
  -webkit-transform: translate(-50%,-50%);
  -ms-transform: translate(-50%,-50%);
  transform: translate(-50%,-50%);
  z-index: 501;
  width: 40%;
  min-width: 400px;
  max-width: 300px;
  outline: 0;
}

.c0 {
  position: fixed;
  width: 100%;
  height: 100%;
  top: 0;
  left: 0;
  background: rgba(27,29,31,0.5);
  z-index: 500;
}

.c2 {
  z-index: 100;
  background: #26282D;
  position: relative;
  margin: auto;
  border: 1px solid #303338;
  border-radius: 10px;
  box-sizing: border-box;
  box-shadow: 0px 0px 16px rgba(0,0,0,0.25);
}

.c2 * {
  -webkit-scrollbar-width: 12px;
  -moz-scrollbar-width: 12px;
  -ms-scrollbar-width: 12px;
  scrollbar-width: 12px;
  -webkit-scrollbar-color: #303338 transparent;
  -moz-scrollbar-color: #303338 transparent;
  -ms-scrollbar-color: #303338 transparent;
  scrollbar-color: #303338 transparent;
}

.c2 *::-webkit-scrollbar {
  width: 12px;
}

.c2 *::-webkit-scrollbar-track {
  background: transparent;
}

.c2 *::-webkit-scrollbar-thumb {
  background-color: #303338;
  border-radius: 10px;
  border: 3px solid #26282D;
}

.c3 {
  display: -webkit-box;
  display: -webkit-flex;
  display: -ms-flexbox;
  display: flex;
  padding: 1.25rem 1.5rem;
  border-bottom: 1px solid #303338;
  position: relative;
  -webkit-align-items: center;
  -webkit-box-align: center;
  -ms-flex-align: center;
  align-items: center;
  color: #fff;
}

.c5 {
  margin: auto 8px;
}

.c6 {
  position: absolute;
  color: #fff;
  right: 1.5rem;
  top: 50%;
  -webkit-transform: translateY(-50%);
  -ms-transform: translateY(-50%);
  transform: translateY(-50%);
  height: 1.5rem;
  width: 1.5rem;
  z-index: 800;
}

.c6:hover {
  cursor: pointer;
  opacity: 0.6;
}

.c7 {
  color: #fff;
  max-height: 80vh;
  overflow-x: hidden;
  overflow-y: auto;
}

.c16 {
  margin: 0 8px;
  width: undefinedpx;
  height: undefinedpx;
}

.c16 svg path {
  fill: currentColor;
}

.c8 {
  width: 100%;
}

.c9 {
  margin: 1.5rem;
}

.c14 {
  background-color: transparent;
  padding: 0.75rem 1rem;
  width: 100%;
  display: -webkit-box;
  display: -webkit-flex;
  display: -ms-flexbox;
  display: flex;
  -webkit-align-items: center;
  -webkit-box-align: center;
  -ms-flex-align: center;
  align-items: center;
  -webkit-box-pack: justify;
  -webkit-justify-content: space-between;
  -ms-flex-pack: justify;
  justify-content: space-between;
  -webkit-flex-direction: row;
  -ms-flex-direction: row;
  flex-direction: row;
  border-radius: 2rem;
}

.c14:active,
.c14:focus {
  border: 2px solid #fff;
}

.c12 {
  display: -webkit-box;
  display: -webkit-flex;
  display: -ms-flexbox;
  display: flex;
  -webkit-align-items: flex-start;
  -webkit-box-align: flex-start;
  -ms-flex-align: flex-start;
  align-items: flex-start;
  color: #A1A6B0;
  margin-bottom: 0.75rem;
  font-size: 0.875rem;
}

.c15 {
  display: -webkit-box;
  display: -webkit-flex;
  display: -ms-flexbox;
  display: flex;
  -webkit-align-items: center;
  -webkit-box-align: center;
  -ms-flex-align: center;
  align-items: center;
}

.c18 {
  cursor: pointer;
  height: 1.25rem;
  width: 1.25rem;
  border-radius: 50%;
  border: 1px solid #303338;
  display: -webkit-inline-box;
  display: -webkit-inline-flex;
  display: -ms-inline-flexbox;
  display: inline-flex;
  -webkit-box-pack: center;
  -webkit-justify-content: center;
  -ms-flex-pack: center;
  justify-content: center;
  -webkit-align-items: center;
  -webkit-box-align: center;
  -ms-flex-align: center;
  align-items: center;
}

.c18:hover {
  border-color: #fff;
}

<body>
  <div>
    <div
      class="c0 backdropModal"
    >
      <div
        class="c1"
      >
        <div
          class="c2"
        >
           
          <div
            class="c3"
          >
            <h2
              class="c4 c5"
            >
              addAction
            </h2>
            <svg
              class="c6"
              fill="none"
              height="1em"
              stroke="currentColor"
              stroke-linecap="round"
              stroke-linejoin="round"
              stroke-width="2"
              viewBox="0 0 24 24"
              width="1em"
              xmlns="http://www.w3.org/2000/svg"
            >
              <line
                x1="18"
                x2="6"
                y1="6"
                y2="18"
              />
              <line
                x1="6"
                x2="18"
                y1="6"
                y2="18"
              />
            </svg>
          </div>
          <div
            class="c7"
          >
            <div
              class="c8"
              data-testid="actions-modal-contract-list"
            >
              <div
                class="c9"
              >
                <div
                  class="c10 c11 c12"
                >
                  core
                </div>
                <button
                  class="c13 c14"
                  data-testid="supported-action-erc20transfer"
                >
                  <div
                    class="c15"
                  >
                    <div
                      class="c16"
                    >
                      <svg>
                        vector.svg
                      </svg>
                    </div>
                    transfer
                  </div>
                </button>
                <button
                  class="c13 c14"
                >
                  <div
                    class="c15"
                  >
                    <div
                      class="c16"
                    >
                      <svg>
                        vector.svg
                      </svg>
                    </div>
                    Set Permissions
                  </div>
                </button>
                <button
                  class="c13 c14"
                >
                  <div
                    class="c15"
                  >
                    <div
                      class="c16"
                    >
                      <svg>
                        mint.svg
                      </svg>
                    </div>
                    mintRep
                  </div>
                </button>
              </div>
              <div
                class="c9"
              >
                <div
                  class="c10 c11 c12"
                >
                  externalContracts
                </div>
              </div>
              <div
                class="c9"
              >
                <div
                  class="c17 c11 c12"
                  direction="row"
                >
                  advancedOptions
                  <span
                    class="c18"
                    height="1.25rem"
                    width="1.25rem"
                  >
                    <svg
                      fill="none"
                      height="1em"
                      stroke="currentColor"
                      stroke-linecap="round"
                      stroke-linejoin="round"
                      stroke-width="2"
                      viewBox="0 0 24 24"
                      width="1em"
                      xmlns="http://www.w3.org/2000/svg"
                    >
                      <polyline
                        points="6 9 12 15 18 9"
                      />
                    </svg>
                  </span>
                </div>
              </div>
            </div>
          </div>
        </div>
      </div>
    </div>
  </div>
   
   
</body>
`;
