// Jest Snapshot v1, https://goo.gl/fbAQLP

exports[`DiffView Should match snapshot 1`] = `
<div>
   
  <table
    class="css-1vc8h0l-diff-container"
  >
    <tbody>
      <tr
        class="css-1n7ec1i-line"
      >
        <td
          class="css-jncl07-gutter"
        >
          <pre
            class="css-na97mt-line-number"
          >
            1
          </pre>
        </td>
        <td
          class="css-jncl07-gutter"
        >
          <pre
            class="css-na97mt-line-number"
          >
            1
          </pre>
        </td>
        <td
          class="css-1tuzevz-marker"
        >
          <pre />
        </td>
        <td
          class="css-vl0irh-content"
        >
          <pre
            class="css-69s43g-content-text"
          >
            <pre
              class="sc-gsTEea bovuND"
            >
                
              <span
                class="hljs-punctuation"
              >
                {
              </span>
            </pre>
          </pre>
        </td>
      </tr>
      <tr
        class="css-1n7ec1i-line"
      >
        <td
          class="css-jncl07-gutter"
        >
          <pre
            class="css-na97mt-line-number"
          >
            2
          </pre>
        </td>
        <td
          class="css-jncl07-gutter"
        >
          <pre
            class="css-na97mt-line-number"
          >
            2
          </pre>
        </td>
        <td
          class="css-1tuzevz-marker"
        >
          <pre />
        </td>
        <td
          class="css-vl0irh-content"
        >
          <pre
            class="css-69s43g-content-text"
          >
            <pre
              class="sc-gsTEea bovuND"
            >
                  
              <span
                class="hljs-attr"
              >
                "colors"
              </span>
              <span
                class="hljs-punctuation"
              >
                :
              </span>
               
              <span
                class="hljs-punctuation"
              >
                {
              </span>
            </pre>
          </pre>
        </td>
      </tr>
      <tr
        class="css-1n7ec1i-line"
      >
        <td
          class="css-jncl07-gutter css-jtsnpx-diff-removed"
        >
          <pre
            class="css-na97mt-line-number"
          >
            3
          </pre>
        </td>
        <td
          class="css-jncl07-gutter css-10oj6k6-empty-gutter css-jtsnpx-diff-removed"
        >
          <pre
            class="css-na97mt-line-number"
          />
        </td>
        <td
          class="css-1tuzevz-marker css-jtsnpx-diff-removed"
        >
          <pre>
            -
          </pre>
        </td>
        <td
          class="css-vl0irh-content css-jtsnpx-diff-removed"
        >
          <pre
            class="css-69s43g-content-text"
          >
            <span
              class="css-cncyp1-word-diff"
            >
              <pre
                class="sc-gsTEea bovuND"
              >
                      
                <span
                  class="hljs-attr"
                >
                  "text"
                </span>
                <span
                  class="hljs-punctuation"
                >
                  :
                </span>
                 
                <span
                  class="hljs-string"
                >
                  "
                </span>
              </pre>
            </span>
            <span
              class="css-cncyp1-word-diff css-1uzas5h-word-removed"
            >
              <pre
                class="sc-gsTEea bovuND"
              >
                red
              </pre>
            </span>
            <span
              class="css-cncyp1-word-diff"
            >
              <pre
                class="sc-gsTEea bovuND"
              >
                <span
                  class="hljs-string"
                >
                  ",
                </span>
              </pre>
            </span>
          </pre>
        </td>
      </tr>
      <tr
        class="css-1n7ec1i-line"
      >
        <td
          class="css-jncl07-gutter css-10oj6k6-empty-gutter css-5x3b4c-diff-added"
        >
          <pre
            class="css-na97mt-line-number"
          />
        </td>
        <td
          class="css-jncl07-gutter css-5x3b4c-diff-added"
        >
          <pre
            class="css-na97mt-line-number"
          >
            3
          </pre>
        </td>
        <td
          class="css-1tuzevz-marker css-5x3b4c-diff-added"
        >
          <pre>
            +
          </pre>
        </td>
        <td
          class="css-vl0irh-content css-5x3b4c-diff-added"
        >
          <pre
            class="css-69s43g-content-text"
          >
            <span
              class="css-cncyp1-word-diff"
            >
              <pre
                class="sc-gsTEea bovuND"
              >
                      
                <span
                  class="hljs-attr"
                >
                  "text"
                </span>
                <span
                  class="hljs-punctuation"
                >
                  :
                </span>
                 
                <span
                  class="hljs-string"
                >
                  "
                </span>
              </pre>
            </span>
            <span
              class="css-cncyp1-word-diff css-fjxrmw-word-added"
            >
              <pre
                class="sc-gsTEea bovuND"
              >
                #fff
              </pre>
            </span>
            <span
              class="css-cncyp1-word-diff"
            >
              <pre
                class="sc-gsTEea bovuND"
              >
                <span
                  class="hljs-string"
                >
                  ",
                </span>
              </pre>
            </span>
          </pre>
        </td>
      </tr>
      <tr
        class="css-1n7ec1i-line"
      >
        <td
          class="css-jncl07-gutter"
        >
          <pre
            class="css-na97mt-line-number"
          >
            4
          </pre>
        </td>
        <td
          class="css-jncl07-gutter"
        >
          <pre
            class="css-na97mt-line-number"
          >
            4
          </pre>
        </td>
        <td
          class="css-1tuzevz-marker"
        >
          <pre />
        </td>
        <td
          class="css-vl0irh-content"
        >
          <pre
            class="css-69s43g-content-text"
          >
            <pre
              class="sc-gsTEea bovuND"
            >
                    
              <span
                class="hljs-attr"
              >
                "primary"
              </span>
              <span
                class="hljs-punctuation"
              >
                :
              </span>
               
              <span
                class="hljs-string"
              >
                "#295FF4"
              </span>
              <span
                class="hljs-punctuation"
              >
                ,
              </span>
            </pre>
          </pre>
        </td>
      </tr>
      <tr
        class="css-1n7ec1i-line"
      >
        <td
          class="css-jncl07-gutter"
        >
          <pre
            class="css-na97mt-line-number"
          >
            5
          </pre>
        </td>
        <td
          class="css-jncl07-gutter"
        >
          <pre
            class="css-na97mt-line-number"
          >
            5
          </pre>
        </td>
        <td
          class="css-1tuzevz-marker"
        >
          <pre />
        </td>
        <td
          class="css-vl0irh-content"
        >
          <pre
            class="css-69s43g-content-text"
          >
            <pre
              class="sc-gsTEea bovuND"
            >
                    
              <span
                class="hljs-attr"
              >
                "secondary"
              </span>
              <span
                class="hljs-punctuation"
              >
                :
              </span>
               
              <span
                class="hljs-string"
              >
                "#181B1B"
              </span>
              <span
                class="hljs-punctuation"
              >
                ,
              </span>
            </pre>
          </pre>
        </td>
      </tr>
      <tr
        class="css-r9xyk9-code-fold"
      >
        <td
          class="css-k44qg2-code-fold-gutter"
        />
        <td
          class="css-k44qg2-code-fold-gutter"
        />
        <td />
        <td>
          <a
            tabindex="0"
          >
            <span
              class="sc-bdfBQB gXofpO"
            >
              expandLinesOfCode
            </span>
          </a>
        </td>
        <td />
        <td />
      </tr>
      <tr
        class="css-1n7ec1i-line"
      >
        <td
          class="css-jncl07-gutter"
        >
          <pre
            class="css-na97mt-line-number"
          >
            8
          </pre>
        </td>
        <td
          class="css-jncl07-gutter"
        >
          <pre
            class="css-na97mt-line-number"
          >
            8
          </pre>
        </td>
        <td
          class="css-1tuzevz-marker"
        >
          <pre />
        </td>
        <td
          class="css-vl0irh-content"
        >
          <pre
            class="css-69s43g-content-text"
          >
            <pre
              class="sc-gsTEea bovuND"
            >
                    
              <span
                class="hljs-attr"
              >
                "proposalText"
              </span>
              <span
                class="hljs-punctuation"
              >
                :
              </span>
               
              <span
                class="hljs-punctuation"
              >
                {
              </span>
            </pre>
          </pre>
        </td>
      </tr>
      <tr
        class="css-1n7ec1i-line"
      >
        <td
          class="css-jncl07-gutter css-jtsnpx-diff-removed"
        >
          <pre
            class="css-na97mt-line-number"
          >
            9
          </pre>
        </td>
        <td
          class="css-jncl07-gutter css-10oj6k6-empty-gutter css-jtsnpx-diff-removed"
        >
          <pre
            class="css-na97mt-line-number"
          />
        </td>
        <td
          class="css-1tuzevz-marker css-jtsnpx-diff-removed"
        >
          <pre>
            -
          </pre>
        </td>
        <td
          class="css-vl0irh-content css-jtsnpx-diff-removed"
        >
          <pre
            class="css-69s43g-content-text"
          >
            <span
              class="css-cncyp1-word-diff"
            >
              <pre
                class="sc-gsTEea bovuND"
              >
                        
                <span
                  class="hljs-string"
                >
                  "
                </span>
              </pre>
            </span>
            <span
              class="css-cncyp1-word-diff css-1uzas5h-word-removed"
            >
              <pre
                class="sc-gsTEea bovuND"
              >
                lightGrey
              </pre>
            </span>
            <span
              class="css-cncyp1-word-diff"
            >
              <pre
                class="sc-gsTEea bovuND"
              >
                <span
                  class="hljs-string"
                >
                  ": "
                </span>
                #
              </pre>
            </span>
            <span
              class="css-cncyp1-word-diff css-1uzas5h-word-removed"
            >
              <pre
                class="sc-gsTEea bovuND"
              >
                BDC0C7
              </pre>
            </span>
            <span
              class="css-cncyp1-word-diff"
            >
              <pre
                class="sc-gsTEea bovuND"
              >
                <span
                  class="hljs-string"
                >
                  ",
                </span>
              </pre>
            </span>
          </pre>
        </td>
      </tr>
      <tr
        class="css-1n7ec1i-line"
      >
        <td
          class="css-jncl07-gutter css-10oj6k6-empty-gutter css-5x3b4c-diff-added"
        >
          <pre
            class="css-na97mt-line-number"
          />
        </td>
        <td
          class="css-jncl07-gutter css-5x3b4c-diff-added"
        >
          <pre
            class="css-na97mt-line-number"
          >
            9
          </pre>
        </td>
        <td
          class="css-1tuzevz-marker css-5x3b4c-diff-added"
        >
          <pre>
            +
          </pre>
        </td>
        <td
          class="css-vl0irh-content css-5x3b4c-diff-added"
        >
          <pre
            class="css-69s43g-content-text"
          >
            <span
              class="css-cncyp1-word-diff"
            >
              <pre
                class="sc-gsTEea bovuND"
              >
                        
                <span
                  class="hljs-string"
                >
                  "
                </span>
              </pre>
            </span>
            <span
              class="css-cncyp1-word-diff css-fjxrmw-word-added"
            >
              <pre
                class="sc-gsTEea bovuND"
              >
                grey
              </pre>
            </span>
            <span
              class="css-cncyp1-word-diff"
            >
              <pre
                class="sc-gsTEea bovuND"
              >
                <span
                  class="hljs-string"
                >
                  ": "
                </span>
                #
              </pre>
            </span>
            <span
              class="css-cncyp1-word-diff css-fjxrmw-word-added"
            >
              <pre
                class="sc-gsTEea bovuND"
              >
                A1A6B0
              </pre>
            </span>
            <span
              class="css-cncyp1-word-diff"
            >
              <pre
                class="sc-gsTEea bovuND"
              >
                <span
                  class="hljs-string"
                >
                  ",
                </span>
              </pre>
            </span>
          </pre>
        </td>
      </tr>
      <tr
        class="css-1n7ec1i-line"
      >
        <td
          class="css-jncl07-gutter css-jtsnpx-diff-removed"
        >
          <pre
            class="css-na97mt-line-number"
          >
            10
          </pre>
        </td>
        <td
          class="css-jncl07-gutter css-10oj6k6-empty-gutter css-jtsnpx-diff-removed"
        >
          <pre
            class="css-na97mt-line-number"
          />
        </td>
        <td
          class="css-1tuzevz-marker css-jtsnpx-diff-removed"
        >
          <pre>
            -
          </pre>
        </td>
        <td
          class="css-vl0irh-content css-jtsnpx-diff-removed"
        >
          <pre
            class="css-69s43g-content-text"
          >
            <span
              class="css-cncyp1-word-diff"
            >
              <pre
                class="sc-gsTEea bovuND"
              >
                        
                <span
                  class="hljs-string"
                >
                  "
                </span>
              </pre>
            </span>
            <span
              class="css-cncyp1-word-diff css-1uzas5h-word-removed"
            >
              <pre
                class="sc-gsTEea bovuND"
              >
                grey
              </pre>
            </span>
            <span
              class="css-cncyp1-word-diff"
            >
              <pre
                class="sc-gsTEea bovuND"
              >
                <span
                  class="hljs-string"
                >
                  ": "
                </span>
              </pre>
            </span>
            <span
              class="css-cncyp1-word-diff css-1uzas5h-word-removed"
            >
              <pre
                class="sc-gsTEea bovuND"
              >
                orange
              </pre>
            </span>
            <span
              class="css-cncyp1-word-diff"
            >
              <pre
                class="sc-gsTEea bovuND"
              >
                <span
                  class="hljs-string"
                >
                  "
                </span>
              </pre>
            </span>
          </pre>
        </td>
      </tr>
      <tr
        class="css-1n7ec1i-line"
      >
        <td
          class="css-jncl07-gutter css-10oj6k6-empty-gutter css-5x3b4c-diff-added"
        >
          <pre
            class="css-na97mt-line-number"
          />
        </td>
        <td
          class="css-jncl07-gutter css-5x3b4c-diff-added"
        >
          <pre
            class="css-na97mt-line-number"
          >
            10
          </pre>
        </td>
        <td
          class="css-1tuzevz-marker css-5x3b4c-diff-added"
        >
          <pre>
            +
          </pre>
        </td>
        <td
          class="css-vl0irh-content css-5x3b4c-diff-added"
        >
          <pre
            class="css-69s43g-content-text"
          >
            <span
              class="css-cncyp1-word-diff"
            >
              <pre
                class="sc-gsTEea bovuND"
              >
                        
                <span
                  class="hljs-string"
                >
                  "
                </span>
              </pre>
            </span>
            <span
              class="css-cncyp1-word-diff css-fjxrmw-word-added"
            >
              <pre
                class="sc-gsTEea bovuND"
              >
                lightGrey
              </pre>
            </span>
            <span
              class="css-cncyp1-word-diff"
            >
              <pre
                class="sc-gsTEea bovuND"
              >
                <span
                  class="hljs-string"
                >
                  ": "
                </span>
              </pre>
            </span>
            <span
              class="css-cncyp1-word-diff css-fjxrmw-word-added"
            >
              <pre
                class="sc-gsTEea bovuND"
              >
                #BDC0C7
              </pre>
            </span>
            <span
              class="css-cncyp1-word-diff"
            >
              <pre
                class="sc-gsTEea bovuND"
              >
                <span
                  class="hljs-string"
                >
                  "
                </span>
              </pre>
            </span>
          </pre>
        </td>
      </tr>
      <tr
        class="css-1n7ec1i-line"
      >
        <td
          class="css-jncl07-gutter"
        >
          <pre
            class="css-na97mt-line-number"
          >
            11
          </pre>
        </td>
        <td
          class="css-jncl07-gutter"
        >
          <pre
            class="css-na97mt-line-number"
          >
            11
          </pre>
        </td>
        <td
          class="css-1tuzevz-marker"
        >
          <pre />
        </td>
        <td
          class="css-vl0irh-content"
        >
          <pre
            class="css-69s43g-content-text"
          >
            <pre
              class="sc-gsTEea bovuND"
            >
                    
              <span
                class="hljs-punctuation"
              >
                }
              </span>
              <span
                class="hljs-punctuation"
              >
                ,
              </span>
            </pre>
          </pre>
        </td>
      </tr>
      <tr
        class="css-1n7ec1i-line"
      >
        <td
          class="css-jncl07-gutter"
        >
          <pre
            class="css-na97mt-line-number"
          >
            12
          </pre>
        </td>
        <td
          class="css-jncl07-gutter"
        >
          <pre
            class="css-na97mt-line-number"
          >
            12
          </pre>
        </td>
        <td
          class="css-1tuzevz-marker"
        >
          <pre />
        </td>
        <td
          class="css-vl0irh-content"
        >
          <pre
            class="css-69s43g-content-text"
          >
            <pre
              class="sc-gsTEea bovuND"
            >
                  
              <span
                class="hljs-punctuation"
              >
                }
              </span>
            </pre>
          </pre>
        </td>
      </tr>
      <tr
        class="css-1n7ec1i-line"
      >
        <td
          class="css-jncl07-gutter"
        >
          <pre
            class="css-na97mt-line-number"
          >
            13
          </pre>
        </td>
        <td
          class="css-jncl07-gutter"
        >
          <pre
            class="css-na97mt-line-number"
          >
            13
          </pre>
        </td>
        <td
          class="css-1tuzevz-marker"
        >
          <pre />
        </td>
        <td
          class="css-vl0irh-content"
        >
          <pre
            class="css-69s43g-content-text"
          >
            <pre
              class="sc-gsTEea bovuND"
            >
                
              <span
                class="hljs-punctuation"
              >
                }
              </span>
            </pre>
          </pre>
        </td>
      </tr>
    </tbody>
  </table>
   
</div>
`;
