// Jest Snapshot v1, https://goo.gl/fbAQLP

exports[`ERC20TransferSummary Should match snapshot 1`] = `
<div>
   
  <div
    class="sc-dlfnuX sc-gKseQn sc-iBPTik jmIxJI beppwO cqmsLh"
  >
    interactWith
    :
  </div>
  <div
    class="sc-dlfnuX sc-gKseQn jmIxJI beppwO"
  >
    <div
      class="sc-dlfnuX sc-gKseQn sc-fubCzh jmIxJI beppwO NXnyL"
    >
      <span
        class="sc-bdfBQB enldmJ"
      >
        <img
          alt="Avatar"
          class="sc-crrszt sc-dQoVA dbCIdw hJUgGW"
          data-testid="avatar"
          size="24"
          src="test"
        />
      </span>
      <span
        class="sc-bdfBQB enldmJ"
      >
        test.eth
      </span>
    </div>
  </div>
   
</div>
`;

exports[`ERC20TransferSummary Should match snapshot with default values 1`] = `
<div>
   
  <div
    class="sc-dlfnuX sc-gKseQn sc-iBPTik jmIxJI beppwO cqmsLh"
  >
    interactWith
    :
  </div>
  <div
    class="sc-dlfnuX sc-gKseQn jmIxJI beppwO"
  >
    <div
      class="sc-dlfnuX sc-gKseQn sc-fubCzh jmIxJI beppwO NXnyL"
    >
      <span
        class="sc-bdfBQB enldmJ"
      >
        <img
          alt="Avatar"
          class="sc-crrszt sc-dQoVA dbCIdw hJUgGW"
          data-testid="avatar"
          size="24"
          src="test"
        />
      </span>
      <span
        class="sc-bdfBQB enldmJ"
      >
        test.eth
      </span>
    </div>
  </div>
   
</div>
`;

exports[`ERC20TransferSummary Should match snapshot without data 1`] = `
<div>
   
  <div
    class="sc-dlfnuX sc-gKseQn sc-iBPTik jmIxJI beppwO cqmsLh"
  >
    interactWith
    :
  </div>
  <div
    class="sc-dlfnuX sc-gKseQn jmIxJI beppwO"
  >
    <div
      class="sc-dlfnuX sc-gKseQn sc-fubCzh jmIxJI beppwO NXnyL"
    >
      <span
        class="sc-bdfBQB enldmJ"
      >
        <img
          alt="Avatar"
          class="sc-crrszt sc-dQoVA dbCIdw hJUgGW"
          data-testid="avatar"
          size="24"
          src="test"
        />
      </span>
      <span
        class="sc-bdfBQB enldmJ"
      >
        test.eth
      </span>
    </div>
  </div>
   
</div>
`;
