// Jest Snapshot v1, https://goo.gl/fbAQLP

exports[`RepMintEditor Should match snapshot 1`] = `
<div>
   
  <form>
    <div
      class="sc-gKseQn sc-iwyWTf bA-duWg LgWEX"
    >
      <div
        class="sc-gKseQn sc-cxFLGX bA-duWg lizCca"
      >
        repMint.recipient
        <div
          class="sc-kfzBvY fUhQhV sc-giImIA euTfPG"
        >
          <svg>
            info.svg
          </svg>
        </div>
        <div
          class="sc-gKseQn sc-fKFxtB bA-duWg gJyFyW"
        >
          repMint.recipientTooltip
        </div>
      </div>
      <div
        class="sc-gKseQn sc-lmoMya bA-duWg cxiupE"
      >
        <div
          class="sc-gsTEea jwbCic"
        >
          <div
            class="sc-dlfnuX jRxgXa"
          >
            <img
              alt="Avatar"
              class="sc-jSgvzq sc-dmlqKv iUxzmp jetLpy"
              data-testid="avatar"
              size="18"
              src="test"
            />
          </div>
          <input
            class="sc-bdfBQB wpJaf"
            readonly=""
            value="0x0000...0000"
          />
          <div
            class="sc-dlfnuX gJuvwh"
          />
        </div>
      </div>
    </div>
    <div
      class="sc-gKseQn sc-lmoMya bA-duWg cxiupE"
    >
      <div
        class="sc-gKseQn sc-iwyWTf bA-duWg LgWEX"
      >
        <div
          class="sc-gKseQn sc-cxFLGX bA-duWg lizCca"
        >
          repMint.repPercent
          <div
            class="sc-kfzBvY fUhQhV sc-giImIA euTfPG"
          >
            <svg>
              info.svg
            </svg>
          </div>
          <div
            class="sc-gKseQn sc-fKFxtB bA-duWg gJyFyW"
          >
            repMint.repPercentTooltip
          </div>
        </div>
        <div
          class="sc-gKseQn sc-lmoMya bA-duWg cxiupE"
        >
          <div
            class="sc-gsTEea jwbCic"
          >
            <div
              class="sc-dlfnuX jRxgXa"
            />
            <input
              autocomplete="off"
              autocorrect="off"
              class="sc-bdfBQB wpJaf sc-iJuVqt dmaGHv"
              inputmode="decimal"
              maxlength="79"
              minlength="1"
              name="repPercent"
              pattern="^[0-9]*[.,]?[0-9]*$"
              placeholder="0.0"
              spellcheck="false"
              type="text"
              value="0"
            />
            <div
              class="sc-dlfnuX gJuvwh"
            />
          </div>
        </div>
      </div>
    </div>
    <div
      class="sc-gKseQn sc-lmoMya bA-duWg cxiupE"
    >
      <div
        class="sc-gKseQn sc-iwyWTf bA-duWg LgWEX"
      >
        <div
          class="sc-gKseQn sc-cxFLGX bA-duWg lizCca"
        >
          repMint.repAmount
          <div
            class="sc-kfzBvY fUhQhV sc-giImIA euTfPG"
          >
            <svg>
              info.svg
            </svg>
          </div>
          <div
            class="sc-gKseQn sc-fKFxtB bA-duWg gJyFyW"
          >
            repMint.repAmountTooltip
          </div>
        </div>
        <div
          class="sc-gKseQn sc-lmoMya bA-duWg cxiupE"
        >
          <div
            class="sc-gsTEea jwbCic"
          >
            <div
              class="sc-dlfnuX jRxgXa"
            />
            <input
              autocomplete="off"
              autocorrect="off"
              class="sc-bdfBQB wpJaf sc-iJuVqt dmaGHv"
              inputmode="decimal"
              maxlength="79"
              minlength="1"
              pattern="^[0-9]*[.,]?[0-9]*$"
              placeholder="0.0"
              readonly=""
              spellcheck="false"
              type="text"
              value="0.0"
            />
            <div
              class="sc-dlfnuX gJuvwh"
            />
          </div>
        </div>
      </div>
    </div>
    <button
      class="sc-hKgJUU sc-iqHYmW fgxaqG cKvEEp"
      type="submit"
    >
      saveAction
    </button>
  </form>
   
</div>
`;
