// Jest Snapshot v1, https://goo.gl/fbAQLP

exports[`RepMintSummary Should match snapshot 1`] = `
.c3 {
  height: 1.6rem;
  width: 1.6rem;
}

.c4 {
  border-radius: 50%;
  height: 24px;
  width: 24px;
}

.c0 {
  margin-right: 0.5rem;
  display: -webkit-inline-box;
  display: -webkit-inline-flex;
  display: -ms-inline-flexbox;
  display: inline-flex;
  -webkit-box-pack: center;
  -webkit-justify-content: center;
  -ms-flex-pack: center;
  justify-content: center;
  -webkit-align-items: center;
  -webkit-box-align: center;
  -ms-flex-align: center;
  align-items: center;
}

.c1 {
  margin: 0 8px;
  width: undefinedpx;
  height: undefinedpx;
}

.c1 svg path {
  fill: currentColor;
}

.c2 {
  margin: 0;
}

<div>
   
  <span
    class="c0"
  >
    <div
      class="c1 c2"
    >
      <svg>
        mint.svg
      </svg>
    </div>
  </span>
  <span
    class="c0"
  >
    mint
     
    NaN
     %
  </span>
  <span
    class="c0"
  >
    <svg
      fill="none"
      height="1em"
      stroke="currentColor"
      stroke-linecap="round"
      stroke-linejoin="round"
      stroke-width="2"
      viewBox="0 0 24 24"
      width="1em"
      xmlns="http://www.w3.org/2000/svg"
    >
      <line
        x1="5"
        x2="19"
        y1="12"
        y2="12"
      />
      <polyline
        points="12 5 19 12 12 19"
      />
    </svg>
  </span>
  <span
    class="c0"
  >
    <img
      alt="Avatar"
      class="c3 c4"
      data-testid="avatar"
      size="24"
      src="test"
    />
  </span>
  <span
    class="c0"
  >
    test.eth
  </span>
   
</div>
`;

exports[`RepMintSummary Should match snapshot in compact mode 1`] = `
.c3 {
  height: 1.6rem;
  width: 1.6rem;
}

.c4 {
  border-radius: 50%;
  height: 24px;
  width: 24px;
}

.c0 {
  margin-right: 0.5rem;
  display: -webkit-inline-box;
  display: -webkit-inline-flex;
  display: -ms-inline-flexbox;
  display: inline-flex;
  -webkit-box-pack: center;
  -webkit-justify-content: center;
  -ms-flex-pack: center;
  justify-content: center;
  -webkit-align-items: center;
  -webkit-box-align: center;
  -ms-flex-align: center;
  align-items: center;
}

.c1 {
  margin: 0 8px;
  width: undefinedpx;
  height: undefinedpx;
}

.c1 svg path {
  fill: currentColor;
}

.c2 {
  margin: 0;
}

<div>
   
  <span
    class="c0"
  >
    <div
      class="c1 c2"
    >
      <svg>
        mint.svg
      </svg>
    </div>
  </span>
  <span
    class="c0"
  >
    mint
     
    NaN
     %
  </span>
  <span
    class="c0"
  >
    <svg
      fill="none"
      height="1em"
      stroke="currentColor"
      stroke-linecap="round"
      stroke-linejoin="round"
      stroke-width="2"
      viewBox="0 0 24 24"
      width="1em"
      xmlns="http://www.w3.org/2000/svg"
    >
      <line
        x1="5"
        x2="19"
        y1="12"
        y2="12"
      />
      <polyline
        points="12 5 19 12 12 19"
      />
    </svg>
  </span>
  <span
    class="c0"
  >
    <img
      alt="Avatar"
      class="c3 c4"
      data-testid="avatar"
      size="24"
      src="test"
    />
  </span>
  <span
    class="c0"
  >
    test.eth
  </span>
   
</div>
`;

exports[`RepMintSummary Should match snapshot with default values 1`] = `
.c3 {
  height: 1.6rem;
  width: 1.6rem;
}

.c4 {
  border-radius: 50%;
  height: 24px;
  width: 24px;
}

.c0 {
  margin-right: 0.5rem;
  display: -webkit-inline-box;
  display: -webkit-inline-flex;
  display: -ms-inline-flexbox;
  display: inline-flex;
  -webkit-box-pack: center;
  -webkit-justify-content: center;
  -ms-flex-pack: center;
  justify-content: center;
  -webkit-align-items: center;
  -webkit-box-align: center;
  -ms-flex-align: center;
  align-items: center;
}

.c1 {
  margin: 0 8px;
  width: undefinedpx;
  height: undefinedpx;
}

.c1 svg path {
  fill: currentColor;
}

.c2 {
  margin: 0;
}

<div>
   
  <span
    class="c0"
  >
    <div
      class="c1 c2"
    >
      <svg>
        mint.svg
      </svg>
    </div>
  </span>
  <span
    class="c0"
  >
    mint
     
    NaN
     %
  </span>
  <span
    class="c0"
  >
    <svg
      fill="none"
      height="1em"
      stroke="currentColor"
      stroke-linecap="round"
      stroke-linejoin="round"
      stroke-width="2"
      viewBox="0 0 24 24"
      width="1em"
      xmlns="http://www.w3.org/2000/svg"
    >
      <line
        x1="5"
        x2="19"
        y1="12"
        y2="12"
      />
      <polyline
        points="12 5 19 12 12 19"
      />
    </svg>
  </span>
  <span
    class="c0"
  >
    <img
      alt="Avatar"
      class="c3 c4"
      data-testid="avatar"
      size="24"
      src="test"
    />
  </span>
  <span
    class="c0"
  >
    test.eth
  </span>
   
</div>
`;

exports[`RepMintSummary Should match snapshot with default values in compact mode 1`] = `
.c3 {
  height: 1.6rem;
  width: 1.6rem;
}

.c4 {
  border-radius: 50%;
  height: 24px;
  width: 24px;
}

.c0 {
  margin-right: 0.5rem;
  display: -webkit-inline-box;
  display: -webkit-inline-flex;
  display: -ms-inline-flexbox;
  display: inline-flex;
  -webkit-box-pack: center;
  -webkit-justify-content: center;
  -ms-flex-pack: center;
  justify-content: center;
  -webkit-align-items: center;
  -webkit-box-align: center;
  -ms-flex-align: center;
  align-items: center;
}

.c1 {
  margin: 0 8px;
  width: undefinedpx;
  height: undefinedpx;
}

.c1 svg path {
  fill: currentColor;
}

.c2 {
  margin: 0;
}

<div>
   
  <span
    class="c0"
  >
    <div
      class="c1 c2"
    >
      <svg>
        mint.svg
      </svg>
    </div>
  </span>
  <span
    class="c0"
  >
    mint
     
    NaN
     %
  </span>
  <span
    class="c0"
  >
    <svg
      fill="none"
      height="1em"
      stroke="currentColor"
      stroke-linecap="round"
      stroke-linejoin="round"
      stroke-width="2"
      viewBox="0 0 24 24"
      width="1em"
      xmlns="http://www.w3.org/2000/svg"
    >
      <line
        x1="5"
        x2="19"
        y1="12"
        y2="12"
      />
      <polyline
        points="12 5 19 12 12 19"
      />
    </svg>
  </span>
  <span
    class="c0"
  >
    <img
      alt="Avatar"
      class="c3 c4"
      data-testid="avatar"
      size="24"
      src="test"
    />
  </span>
  <span
    class="c0"
  >
    test.eth
  </span>
   
</div>
`;

exports[`RepMintSummary Should match snapshot without data 1`] = `
.c3 {
  height: 1.6rem;
  width: 1.6rem;
}

.c4 {
  border-radius: 50%;
  height: 24px;
  width: 24px;
}

.c0 {
  margin-right: 0.5rem;
  display: -webkit-inline-box;
  display: -webkit-inline-flex;
  display: -ms-inline-flexbox;
  display: inline-flex;
  -webkit-box-pack: center;
  -webkit-justify-content: center;
  -ms-flex-pack: center;
  justify-content: center;
  -webkit-align-items: center;
  -webkit-box-align: center;
  -ms-flex-align: center;
  align-items: center;
}

.c1 {
  margin: 0 8px;
  width: undefinedpx;
  height: undefinedpx;
}

.c1 svg path {
  fill: currentColor;
}

.c2 {
  margin: 0;
}

<div>
   
  <span
    class="c0"
  >
    <div
      class="c1 c2"
    >
      <svg>
        mint.svg
      </svg>
    </div>
  </span>
  <span
    class="c0"
  >
    mint
     
    NaN
     %
  </span>
  <span
    class="c0"
  >
    <svg
      fill="none"
      height="1em"
      stroke="currentColor"
      stroke-linecap="round"
      stroke-linejoin="round"
      stroke-width="2"
      viewBox="0 0 24 24"
      width="1em"
      xmlns="http://www.w3.org/2000/svg"
    >
      <line
        x1="5"
        x2="19"
        y1="12"
        y2="12"
      />
      <polyline
        points="12 5 19 12 12 19"
      />
    </svg>
  </span>
  <span
    class="c0"
  >
    <img
      alt="Avatar"
      class="c3 c4"
      data-testid="avatar"
      size="24"
      src="test"
    />
  </span>
  <span
    class="c0"
  >
    test.eth
  </span>
   
</div>
`;

exports[`RepMintSummary Should match snapshot without data in compact mode 1`] = `
.c3 {
  height: 1.6rem;
  width: 1.6rem;
}

.c4 {
  border-radius: 50%;
  height: 24px;
  width: 24px;
}

.c0 {
  margin-right: 0.5rem;
  display: -webkit-inline-box;
  display: -webkit-inline-flex;
  display: -ms-inline-flexbox;
  display: inline-flex;
  -webkit-box-pack: center;
  -webkit-justify-content: center;
  -ms-flex-pack: center;
  justify-content: center;
  -webkit-align-items: center;
  -webkit-box-align: center;
  -ms-flex-align: center;
  align-items: center;
}

.c1 {
  margin: 0 8px;
  width: undefinedpx;
  height: undefinedpx;
}

.c1 svg path {
  fill: currentColor;
}

.c2 {
  margin: 0;
}

<div>
   
  <span
    class="c0"
  >
    <div
      class="c1 c2"
    >
      <svg>
        mint.svg
      </svg>
    </div>
  </span>
  <span
    class="c0"
  >
    mint
     
    NaN
     %
  </span>
  <span
    class="c0"
  >
    <svg
      fill="none"
      height="1em"
      stroke="currentColor"
      stroke-linecap="round"
      stroke-linejoin="round"
      stroke-width="2"
      viewBox="0 0 24 24"
      width="1em"
      xmlns="http://www.w3.org/2000/svg"
    >
      <line
        x1="5"
        x2="19"
        y1="12"
        y2="12"
      />
      <polyline
        points="12 5 19 12 12 19"
      />
    </svg>
  </span>
  <span
    class="c0"
  >
    <img
      alt="Avatar"
      class="c3 c4"
      data-testid="avatar"
      size="24"
      src="test"
    />
  </span>
  <span
    class="c0"
  >
    test.eth
  </span>
   
</div>
`;
