// Jest Snapshot v1, https://goo.gl/fbAQLP

exports[`TokenPicker Should match snapshot 1`] = `
<body>
  <div>
    <div
      class="sc-jONnzC hUvaRT backdropModal"
    >
      <div
        class="sc-aemIz fpuFHE"
      >
        <div
          class="sc-hlTwrV kXDWEa"
        >
          
           
          <div
            class="sc-eLgNKc GtOyU"
          >
            <h2
              class="sc-kstqJO sc-kIeSZW gWTdRY NYJKg"
            >
              selectAToken
            </h2>
            <svg
              class="sc-hOqruk cOtmWQ"
              fill="none"
              height="1em"
              stroke="currentColor"
              stroke-linecap="round"
              stroke-linejoin="round"
              stroke-width="2"
              viewBox="0 0 24 24"
              width="1em"
              xmlns="http://www.w3.org/2000/svg"
            >
              <line
                x1="18"
                x2="6"
                y1="6"
                y2="18"
              />
              <line
                x1="6"
                x2="18"
                y1="6"
                y2="18"
              />
            </svg>
          </div>
          <div
            class="sc-dacGJm logYbD"
          >
            <div
              class="sc-GTVdH QKZBv"
            >
              <div
                class="sc-bXDkGd gfqTeI"
              >
                <div
                  class="sc-dIUeWJ gQcXkl"
                >
                  <div
                    class="sc-hHfuMS bScybG"
                  >
                    <svg
                      fill="none"
                      height="1em"
                      stroke="currentColor"
                      stroke-linecap="round"
                      stroke-linejoin="round"
                      stroke-width="2"
                      viewBox="0 0 24 24"
                      width="1em"
                      xmlns="http://www.w3.org/2000/svg"
                    >
                      <circle
                        cx="11"
                        cy="11"
                        r="8"
                      />
                      <line
                        x1="21"
                        x2="16.65"
                        y1="21"
                        y2="16.65"
                      />
                    </svg>
                  </div>
                  <input
                    class="sc-idOiZg jelFGI"
                    placeholder="search"
                    value=""
                  />
                  <div
                    class="sc-hHfuMS jNxMeF"
                  />
                </div>
              </div>
              <div
                class="sc-gsxoIA iUpGhU"
              >
                <div
                  aria-label="Option item SWPR"
                  class="sc-eGCaLh kFypMy"
                >
                  <div
                    class="sc-ctaXho codKjU"
                  >
                    <div
                      class="sc-dFJtaz dHLhrD"
                    >
                      <img
                        alt="Avatar"
                        class="sc-dlfnuX sc-jSgvzq hZGubn fuxTiU"
                        data-testid="avatar"
                        size="28"
                        src="https://s2.coinmarketcap.com/static/img/coins/200x200/5589.png"
                      />
                    </div>
                    <div>
                      <div
                        class="sc-bsipwG kfKrHM"
                      >
                        SWPR
                      </div>
                      <div
                        class="sc-gInthZ jmpnqC"
                      >
                        SWAPR Guild
                      </div>
                    </div>
                  </div>
                  <div
                    class="sc-euMpEg ectvAq"
                  >
                    10
                  </div>
                </div>
                <div
                  aria-label="Option item DXD"
                  class="sc-eGCaLh kFypMy"
                >
                  <div
                    class="sc-ctaXho codKjU"
                  >
                    <div
                      class="sc-dFJtaz dHLhrD"
                    >
                      <img
                        alt="Avatar"
                        class="sc-dlfnuX sc-jSgvzq hZGubn fuxTiU"
                        data-testid="avatar"
                        size="28"
                        src="https://s2.coinmarketcap.com/static/img/coins/200x200/5589.png"
                      />
                    </div>
                    <div>
                      <div
                        class="sc-bsipwG kfKrHM"
                      >
                        DXD
                      </div>
                      <div
                        class="sc-gInthZ jmpnqC"
                      >
                        DXdao on Localhost
                      </div>
                    </div>
                  </div>
                  <div
                    class="sc-euMpEg ectvAq"
                  >
                    0
                  </div>
                </div>
                <div
                  aria-label="Option item RGT"
                  class="sc-eGCaLh kFypMy"
                >
                  <div
                    class="sc-ctaXho codKjU"
                  >
                    <div
                      class="sc-dFJtaz dHLhrD"
                    >
                      <img
                        alt="Avatar"
                        class="sc-dlfnuX sc-jSgvzq hZGubn fuxTiU"
                        data-testid="avatar"
                        size="28"
                        src="https://s2.coinmarketcap.com/static/img/coins/200x200/5589.png"
                      />
                    </div>
                    <div>
                      <div
                        class="sc-bsipwG kfKrHM"
                      >
                        RGT
                      </div>
                      <div
                        class="sc-gInthZ jmpnqC"
                      >
                        REP Guild Token on Localhost
                      </div>
                    </div>
                  </div>
                  <div
                    class="sc-euMpEg ectvAq"
                  >
                    0
                  </div>
                </div>
              </div>
            </div>
          </div>
        </div>
      </div>
    </div>
  </div>
   
   
</body>
`;
