// Jest Snapshot v1, https://goo.gl/fbAQLP

exports[`TokenPicker Should match snapshot 1`] = `
<body>
  <div>
    <div
      class="sc-pGacB doHKro backdropModal"
    >
      <div
        class="sc-fubCzh ctYRTK"
      >
        <div
          class="sc-jrAFXE jZmJyP"
        >
          
           
          <div
            class="sc-kEjbQP UrNhf"
          >
            <h2
              class="sc-hKgJUU sc-crrszt iVaMyO gpIzKb"
            >
              selectAToken
            </h2>
            <svg
              class="sc-dQoVA faTCxr"
              fill="none"
              height="1em"
              stroke="currentColor"
              stroke-linecap="round"
              stroke-linejoin="round"
              stroke-width="2"
              viewBox="0 0 24 24"
              width="1em"
              xmlns="http://www.w3.org/2000/svg"
            >
              <line
                x1="18"
                x2="6"
                y1="6"
                y2="18"
              />
              <line
                x1="6"
                x2="18"
                y1="6"
                y2="18"
              />
            </svg>
          </div>
          <div
            class="sc-kstqJO glfmLR"
          >
            <div
              class="sc-idOiZg eWdUSo"
            >
              <div
                class="sc-hHfuMS juFZTf"
              >
                <div
                  class="sc-iJuVqt jEaLyw"
                >
                  <div
                    class="sc-giImIA cSqVBV"
                  >
                    <svg
                      fill="none"
                      height="1em"
                      stroke="currentColor"
                      stroke-linecap="round"
                      stroke-linejoin="round"
                      stroke-width="2"
                      viewBox="0 0 24 24"
                      width="1em"
                      xmlns="http://www.w3.org/2000/svg"
                    >
                      <circle
                        cx="11"
                        cy="11"
                        r="8"
                      />
                      <line
                        x1="21"
                        x2="16.65"
                        y1="21"
                        y2="16.65"
                      />
                    </svg>
                  </div>
                  <input
                    class="sc-lmoMya lwNxd"
                    placeholder="search"
                    value=""
                  />
                  <div
                    class="sc-giImIA hSmAqa"
                  />
                </div>
              </div>
              <div
                class="sc-dIUeWJ fkXUVf"
              >
                <div
                  aria-label="Option item SWPR"
                  class="sc-dmlqKv fciZmT"
                >
                  <div
                    class="sc-kfzBvY hKwTyb"
                  >
                    <div
                      class="sc-fKFxtB dXgjuJ"
                    >
                      <img
                        alt="Avatar"
                        class="sc-dlfnuX sc-kLgnNl hZGubn jEcvbT"
                        data-testid="avatar"
                        size="28"
                        src="https://s2.coinmarketcap.com/static/img/coins/200x200/5589.png"
                      />
                    </div>
                    <div>
                      <div
                        class="sc-bBXrwG mpfPK"
                      >
                        SWPR
                      </div>
                      <div
                        class="sc-iwyWTf gmwEAG"
                      >
                        SWAPR Guild
                      </div>
                    </div>
                  </div>
                  <div
                    class="sc-cxFLGX kjgnL"
                  >
                    10
                  </div>
                </div>
                <div
                  aria-label="Option item DXD"
                  class="sc-dmlqKv fciZmT"
                >
                  <div
                    class="sc-kfzBvY hKwTyb"
                  >
                    <div
                      class="sc-fKFxtB dXgjuJ"
                    >
                      <img
                        alt="Avatar"
                        class="sc-dlfnuX sc-kLgnNl hZGubn jEcvbT"
                        data-testid="avatar"
                        size="28"
                        src="https://s2.coinmarketcap.com/static/img/coins/200x200/5589.png"
                      />
                    </div>
                    <div>
                      <div
                        class="sc-bBXrwG mpfPK"
                      >
                        DXD
                      </div>
                      <div
                        class="sc-iwyWTf gmwEAG"
                      >
                        DXdao on Localhost
                      </div>
                    </div>
                  </div>
                  <div
                    class="sc-cxFLGX kjgnL"
                  >
                    0
                  </div>
                </div>
                <div
                  aria-label="Option item RGT"
                  class="sc-dmlqKv fciZmT"
                >
                  <div
                    class="sc-kfzBvY hKwTyb"
                  >
                    <div
                      class="sc-fKFxtB dXgjuJ"
                    >
                      <img
                        alt="Avatar"
                        class="sc-dlfnuX sc-kLgnNl hZGubn jEcvbT"
                        data-testid="avatar"
                        size="28"
                        src="https://s2.coinmarketcap.com/static/img/coins/200x200/5589.png"
                      />
                    </div>
                    <div>
                      <div
                        class="sc-bBXrwG mpfPK"
                      >
                        RGT
                      </div>
                      <div
                        class="sc-iwyWTf gmwEAG"
                      >
                        REP Guild Token on Localhost
                      </div>
                    </div>
                  </div>
                  <div
                    class="sc-cxFLGX kjgnL"
                  >
                    0
                  </div>
                </div>
              </div>
            </div>
          </div>
        </div>
      </div>
    </div>
  </div>
   
   
</body>
`;
