// Jest Snapshot v1, https://goo.gl/fbAQLP

exports[`StakeTokensModal StakeTokensModal renders properly 1`] = `
<body>
  <div>
    <div
      class="sc-kEjbQP bzazPo backdropModal"
    >
      <div
        class="sc-jrAFXE llhtMl"
      >
        <div
          class="sc-iqHYmW djTBga"
        >
          
           
          <div
            class="sc-crrszt cBSLGO"
          >
            <h2
              class="sc-jSgvzq sc-bqyKOL cRjjSL jifZfj"
            >
              Stake Mock Token tokens
            </h2>
            <svg
              class="sc-kstqJO gdCTxS"
              fill="none"
              height="1em"
              stroke="currentColor"
              stroke-linecap="round"
              stroke-linejoin="round"
              stroke-width="2"
              viewBox="0 0 24 24"
              width="1em"
              xmlns="http://www.w3.org/2000/svg"
            >
              <line
                x1="18"
                x2="6"
                y1="6"
                y2="18"
              />
              <line
                x1="6"
                x2="18"
                y1="6"
                y2="18"
              />
            </svg>
          </div>
          <div
            class="sc-fodVek fovbhg"
          >
            <div
              class="sc-fHuLxr fXhPFW"
              data-testid="stake-tokens-modal"
            >
              <div
                class="sc-dtTHTy iKlLJk"
              >
                <img
                  alt="DXdao Logo"
                  class="sc-dkIXZx fOVRXm"
                  src="dxdao-icon.svg"
                />
                <h2
                  class="sc-jSgvzq sc-XhUvE cRjjSL gTlifZ"
                >
                  mockGuildName
                </h2>
              </div>
              <div
                class="sc-ikPAEB eIsnaP"
              >
                a few seconds staking period
              </div>
              <div
                class="sc-tYqdw hCwNAv"
              >
                <div
                  class="sc-biBsmb fiOhMx"
                >
                  <span
                    class="sc-eHfRjS ckVAkE"
                  >
                    balance
                    :
                  </span>
                  <span
                    class="sc-hzMMVR TvdeM"
                  >
                    0
                     
                    REP
                  </span>
                </div>
                <div
                  class="sc-biBsmb fiOhMx"
                >
                  <div
                    class="sc-bZSRNg bTohGJ"
                  >
                    <div
                      class="sc-iUuxjF kfXzoC"
                    />
                    <input
                      autocomplete="off"
                      autocorrect="off"
                      class="sc-jcVcSv fxFyvz sc-xyEDr kleKny"
                      data-testid="stake-amount-input"
                      inputmode="decimal"
                      maxlength="79"
                      minlength="1"
                      pattern="^[0-9]*[.,]?[0-9]*$"
                      placeholder="0.0"
                      spellcheck="false"
                      type="text"
                      value="0.0"
                    />
                    <div
                      class="sc-iUuxjF exPtkN"
                    />
                  </div>
                  <button
                    class="sc-dlfnuX dEJhZx"
                    data-testid="stake-amount-max-button"
                  >
                    max
                  </button>
                </div>
              </div>
              <div
                class="sc-biBsmb fiOhMx"
              >
                <span
                  class="sc-eHfRjS ckVAkE"
                >
                  balance
                </span>
                <span
                  class="sc-hzMMVR TvdeM"
                >
                  0
                   
                  REP
                </span>
              </div>
              <div
                class="sc-biBsmb fiOhMx"
              >
                <span
                  class="sc-eHfRjS ckVAkE"
                >
                  yourVotingPower
                </span>
                <span
                  class="sc-hzMMVR TvdeM"
                >
                  -
                </span>
              </div>
              <div
                class="sc-biBsmb fiOhMx"
              >
                <span
                  class="sc-eHfRjS ckVAkE"
                >
                  unlockDate
                </span>
                <span
                  class="sc-hzMMVR TvdeM"
                >
                  -
                </span>
              </div>
              <button
                class="sc-dlfnuX sc-dWddBi dEJhZx coQCtX"
                data-testid="lock-token-spending"
                disabled=""
              >
                Lock
                 
                REP
              </button>
            </div>
          </div>
        </div>
      </div>
    </div>
  </div>
   
   
</body>
`;
