// Jest Snapshot v1, https://goo.gl/fbAQLP

exports[`AddButton Should match snapshot 1`] = `
.c0 {
  display: -webkit-inline-box;
  display: -webkit-inline-flex;
  display: -ms-inline-flexbox;
  display: inline-flex;
  -webkit-box-pack: center;
  -webkit-justify-content: center;
  -ms-flex-pack: center;
  justify-content: center;
  -webkit-align-items: center;
  -webkit-box-align: center;
  -ms-flex-align: center;
  align-items: center;
  text-align: center;
  cursor: pointer;
  font-size: 14px;
  border: 1px solid #303338;
  background-color: #295FF4;
  color: #fff;
  border-radius: 32px;
  padding: 0.5rem 0.8rem;
  margin: 0.2rem;
  width: auto;
}

.c0:disabled {
  color: initial;
  opacity: 0.4;
  cursor: auto;
}

.c0:hover:enabled {
  border-color: #fff;
}

.c0:active:enabled {
  border: 1px solid #303338;
}

.c1 svg,
.c1 img {
  margin-right: .4rem;
}

.c1,
.c1 button {
  padding: .25rem 0.6rem;
  background-color: #1B1D1F;
}

.c2 {
  padding: 0.6rem 1.25rem;
  margin: 0.5rem 0;
}

<div>
   
  <button
    class="c0 c1 c2"
  >
    <svg
      fill="currentColor"
      height="1em"
      stroke="currentColor"
      stroke-width="0"
      t="1551322312294"
      version="1.1"
      viewBox="0 0 1024 1024"
      width="1em"
      xmlns="http://www.w3.org/2000/svg"
    >
      <defs />
      <path
        d="M474 152m8 0l60 0q8 0 8 8l0 704q0 8-8 8l-60 0q-8 0-8-8l0-704q0-8 8-8Z"
      />
      <path
        d="M168 474m8 0l672 0q8 0 8 8l0 60q0 8-8 8l-672 0q-8 0-8-8l0-60q0-8 8-8Z"
      />
    </svg>
     
    Add
  </button>
   
</div>
`;
