// Jest Snapshot v1, https://goo.gl/fbAQLP

exports[`NetworkModal Should match snapshot 1`] = `
<body>
  <div>
    <div
      class="sc-pGacB doHKro backdropModal"
    >
      <div
        class="sc-fubCzh jCETGP"
      >
        <div
          class="sc-jrAFXE jZmJyP"
        >
          
           
          <div
            class="sc-kEjbQP UrNhf"
          >
            <h2
              class="sc-hKgJUU sc-crrszt iVaMyO gpIzKb"
            >
              <div>
                switchNetwork
              </div>
            </h2>
            <svg
              class="sc-dQoVA faTCxr"
              fill="none"
              height="1em"
              stroke="currentColor"
              stroke-linecap="round"
              stroke-linejoin="round"
              stroke-width="2"
              viewBox="0 0 24 24"
              width="1em"
              xmlns="http://www.w3.org/2000/svg"
            >
              <line
                x1="18"
                x2="6"
                y1="6"
                y2="18"
              />
              <line
                x1="6"
                x2="18"
                y1="6"
                y2="18"
              />
            </svg>
          </div>
          <div
            class="sc-kstqJO glfmLR"
          >
            <div
              class="sc-bBXrwG kFKYkX"
            >
              <div
                class="sc-cxFLGX dwWZCR"
              >
                <div
                  class="sc-iwyWTf gbnIyu"
                >
                  <div
                    class="sc-lmoMya jNRJIs"
                  >
                    <button
                      class="sc-bdfBQB sc-dmlqKv fuUPpr eLvDHF"
                      data-testid=""
                    >
                      <div
                        class="sc-kfzBvY VQpPp"
                      >
                        <span
                          class="sc-hHfuMS jokvNa"
                        />
                        Random Chain
                      </div>
                      <div
                        class="sc-fKFxtB gJFluz"
                      />
                    </button>
                  </div>
                </div>
              </div>
            </div>
          </div>
        </div>
      </div>
    </div>
  </div>
   
   
</body>
`;
