// Jest Snapshot v1, https://goo.gl/fbAQLP

exports[`NetworkModal Should match snapshot 1`] = `
<body>
  <div>
    <div
      class="sc-kIeSZW jXVHIu backdropModal"
    >
      <div
        class="sc-bTvSiT SdznJ"
      >
        <div
          class="sc-hOqruk fMASoj"
        >
          
           
          <div
            class="sc-dtwnrN bOjCed"
          >
            <h2
              class="sc-kstqJO sc-jUEmfL gWTdRY rnOac"
            >
              <div>
                switchNetwork
              </div>
            </h2>
            <svg
              class="sc-jQbJRc eldqEA"
              fill="none"
              height="1em"
              stroke="currentColor"
              stroke-linecap="round"
              stroke-linejoin="round"
              stroke-width="2"
              viewBox="0 0 24 24"
              width="1em"
              xmlns="http://www.w3.org/2000/svg"
            >
              <line
                x1="18"
                x2="6"
                y1="6"
                y2="18"
              />
              <line
                x1="6"
                x2="18"
                y1="6"
                y2="18"
              />
            </svg>
          </div>
          <div
            class="sc-bZSRNg gVERDF"
          >
            <div
              class="sc-iBaQBe kpLoPf"
            >
              <div
                class="sc-iUuxjF jOOmrx"
              >
                <div
                  class="sc-eggMyH dHnyFC"
                >
                  <button
                    class="sc-bdfBQB sc-dmlqKv igQAuX eLvDHF"
                    data-testid=""
                  >
                    <div
                      class="sc-kfzBvY VQpPp"
                    >
                      Ethereum Mainnet
                    </div>
                    <div
                      class="sc-fKFxtB gJFluz"
                    >
                      <img
                        alt="Icon"
                        src="ethereum.svg"
                      />
                    </div>
                  </button>
                </div>
              </div>
            </div>
          </div>
        </div>
      </div>
    </div>
  </div>
   
   
</body>
`;
