// Jest Snapshot v1, https://goo.gl/fbAQLP

exports[`NetworkModal Should match snapshot 1`] = `
<body>
  <div>
    <div
      class="sc-hOqruk jqKJSp backdropModal"
    >
      <div
        class="sc-kIeSZW fdmAWG"
      >
        <div
          class="sc-dtwnrN irmMds"
        >
          
           
          <div
            class="sc-dacGJm iZKOaG"
          >
            <h2
              class="sc-kstqJO sc-jQbJRc gWTdRY knzTlX"
            >
              <div>
                switchNetwork
              </div>
            </h2>
            <svg
              class="sc-fvhFOF dbHrBB"
              fill="none"
              height="1em"
              stroke="currentColor"
              stroke-linecap="round"
              stroke-linejoin="round"
              stroke-width="2"
              viewBox="0 0 24 24"
              width="1em"
              xmlns="http://www.w3.org/2000/svg"
            >
              <line
                x1="18"
                x2="6"
                y1="6"
                y2="18"
              />
              <line
                x1="6"
                x2="18"
                y1="6"
                y2="18"
              />
            </svg>
          </div>
          <div
            class="sc-GTVdH uKnvk"
          >
            <div
              class="sc-dFJtaz cYqhCe"
            >
              <div
                class="sc-gInthZ frcSrV"
              >
                <div
                  class="sc-bsipwG iqQHXQ"
                >
                  <div
                    class="sc-euMpEg eYfnGU"
                  >
                    <button
                      class="sc-bdfBQB sc-gTgzoy cAORUT ctmkZv"
                      data-testid=""
                    >
                      <div
                        class="sc-laRQdt vJBRp"
                      >
                        Ethereum Mainnet
                      </div>
                      <div
                        class="sc-iNqMzA cGmYLy"
                      >
                        <img
                          alt="Icon"
                          src="ethereum.svg"
                        />
                      </div>
                    </button>
                  </div>
                </div>
              </div>
            </div>
          </div>
        </div>
      </div>
    </div>
  </div>
   
   
</body>
`;
