// Jest Snapshot v1, https://goo.gl/fbAQLP

exports[`UpdateENSNameSummary Should match snapshot 1`] = `
.c0 {
  box-sizing: 'border-box';
  min-width: 0;
  margin: 0;
  padding: 0;
}

.c1 {
  display: -webkit-box;
  display: -webkit-flex;
  display: -ms-flexbox;
  display: flex;
  margin-top: 0.5rem;
  margin-bottom: 0.5rem;
  -webkit-align-items: center;
  -webkit-box-align: center;
  -ms-flex-align: center;
  align-items: center;
}

.c2 {
  color: #fff;
  margin-top: 0;
  white-space: pre-wrap;
}

.c3 {
  color: #A1A6B0;
  margin: 0;
}

.c7 {
  margin-right: 0.5rem;
  display: -webkit-inline-box;
  display: -webkit-inline-flex;
  display: -ms-inline-flexbox;
  display: inline-flex;
  -webkit-box-pack: center;
  -webkit-justify-content: center;
  -ms-flex-pack: center;
  justify-content: center;
  -webkit-align-items: center;
  -webkit-box-align: center;
  -ms-flex-align: center;
  align-items: center;
}

.c8 {
  height: 1.6rem;
  width: 1.6rem;
}

.c9 {
  border-radius: 50%;
  height: 24px;
  width: 24px;
}

.c5 {
  color: #A1A6B0;
  margin-right: 0.5rem;
  display: -webkit-box;
  display: -webkit-flex;
  display: -ms-flexbox;
  display: flex;
  -webkit-box-pack: justify;
  -webkit-justify-content: space-between;
  -ms-flex-pack: justify;
  justify-content: space-between;
  -webkit-align-items: center;
  -webkit-box-align: center;
  -ms-flex-align: center;
  align-items: center;
  -webkit-text-decoration: none;
  text-decoration: none;
  overflow-wrap: break-word;
}

.c5:hover {
  cursor: pointer;
  color: #fff;
}

.c4 {
  display: -webkit-box;
  display: -webkit-flex;
  display: -ms-flexbox;
  display: flex;
}

.c6 {
  margin-right: 0.5rem;
  overflow-wrap: break-word;
}

<div>
   
  <div
    class="c0 c1 c2"
  >
    ens.domain
  </div>
  <div
    class="c0 c1"
  >
    <div
      class="c0 c1 c3"
    >
      <div
        class="c4"
      >
        <a
          class="c5"
          href="https://etherscan.io/address/0x0000000000000000000000000000000000000000"
          rel="noopener"
          target="_blank"
        >
          <div
            class="c0 c6"
          >
            0x0000...0000
          </div>
          <svg
            fill="none"
            height="1em"
            stroke="currentColor"
            stroke-linecap="round"
            stroke-linejoin="round"
            stroke-width="2"
            viewBox="0 0 24 24"
            width="1em"
            xmlns="http://www.w3.org/2000/svg"
          >
            <path
              d="M18 13v6a2 2 0 0 1-2 2H5a2 2 0 0 1-2-2V8a2 2 0 0 1 2-2h6"
            />
            <polyline
              points="15 3 21 3 21 9"
            />
            <line
              x1="10"
              x2="21"
              y1="14"
              y2="3"
            />
          </svg>
        </a>
      </div>
    </div>
  </div>
  <div
    class="c0 c1 c2"
  >
    ens.currentContent
  </div>
  <div
    class="c0 c1"
  >
    <div
      class="c0 c1 c3"
    >
      <a
        class="c5"
        href="ipfs://e30101701220e09973e8c9e391cb063bd6654356e64e0ceced7858a29a8c01b165e30a5eb5be"
        rel="noopener"
        target="_blank"
      >
        <div
          class="c0 c6"
        >
          ipfs://e30101701220e09973e8c9e391cb063bd6654356e64e0ceced7858a29a8c01b165e30a5eb5be
        </div>
        <svg
          fill="none"
          height="1em"
          stroke="currentColor"
          stroke-linecap="round"
          stroke-linejoin="round"
          stroke-width="2"
          viewBox="0 0 24 24"
          width="1em"
          xmlns="http://www.w3.org/2000/svg"
        >
          <path
            d="M18 13v6a2 2 0 0 1-2 2H5a2 2 0 0 1-2-2V8a2 2 0 0 1 2-2h6"
          />
          <polyline
            points="15 3 21 3 21 9"
          />
          <line
            x1="10"
            x2="21"
            y1="14"
            y2="3"
          />
        </svg>
      </a>
    </div>
  </div>
  <div
    class="c0 c1 c2"
  >
    ens.newContent
  </div>
  <div
    class="c0 c1"
  >
    <div
      class="c0 c1 c3"
    >
      <a
        class="c5"
        href="ipfs://QmRAQB6YaCyidP37UdDnjFY5vQuiBrcqdyoW1CuDgwxkD4"
        rel="noopener"
        target="_blank"
      >
        <div
          class="c0 c6"
        >
          ipfs://QmRAQB6YaCyidP37UdDnjFY5vQuiBrcqdyoW1CuDgwxkD4
        </div>
        <svg
          fill="none"
          height="1em"
          stroke="currentColor"
          stroke-linecap="round"
          stroke-linejoin="round"
          stroke-width="2"
          viewBox="0 0 24 24"
          width="1em"
          xmlns="http://www.w3.org/2000/svg"
        >
          <path
            d="M18 13v6a2 2 0 0 1-2 2H5a2 2 0 0 1-2-2V8a2 2 0 0 1 2-2h6"
          />
          <polyline
            points="15 3 21 3 21 9"
          />
          <line
            x1="10"
            x2="21"
            y1="14"
            y2="3"
          />
        </svg>
      </a>
    </div>
  </div>
  <div
    class="c0 c1 c2"
  >
    interactWith
     
    <span>
      0.0
       
      ETH
    </span>
    :
  </div>
  <div
    class="c0 c1"
  >
    <div
      class="c0 c1 c3"
    >
      <div
        class="c4"
      >
        <span
          class="c7"
        >
          <img
            alt="Avatar"
            class="c8 c9"
            data-testid="avatar"
            size="24"
            src="https://metadata.ens.domains/mainnet/avatar/name.eth"
          />
        </span>
        <a
          class="c5"
          href="https://etherscan.io/address/0x3f943f38b2fbe1ee5daf0516cecfe4e0f8734351"
          rel="noopener"
          target="_blank"
        >
          <div
            class="c0 c6"
          >
            0x3f94...4351
          </div>
          <svg
            fill="none"
            height="1em"
            stroke="currentColor"
            stroke-linecap="round"
            stroke-linejoin="round"
            stroke-width="2"
            viewBox="0 0 24 24"
            width="1em"
            xmlns="http://www.w3.org/2000/svg"
          >
            <path
              d="M18 13v6a2 2 0 0 1-2 2H5a2 2 0 0 1-2-2V8a2 2 0 0 1 2-2h6"
            />
            <polyline
              points="15 3 21 3 21 9"
            />
            <line
              x1="10"
              x2="21"
              y1="14"
              y2="3"
            />
          </svg>
        </a>
      </div>
    </div>
  </div>
   
</div>
`;
