// Jest Snapshot v1, https://goo.gl/fbAQLP

exports[`UpdateENSContentEditor Should match snapshot 1`] = `
<div>
   
  <div
    class="sc-bdfBQB sc-gKseQn bmhbKs laHPJI"
  >
    <div
      class="sc-bdfBQB sc-iBPTik bmhbKs imIHfx"
    >
      ENS Name
      <div
        class="sc-jSgvzq bkjAsA sc-pGacB qUkTN"
      >
        <svg>
          info.svg
        </svg>
      </div>
      <div
        class="sc-bdfBQB sc-eCstlR bmhbKs KsLLM"
      >
        ens.nameTooltip
      </div>
    </div>
    <div
      class="sc-bdfBQB sc-fubCzh bmhbKs kJNOkj"
    >
      <div
        class="sc-crrszt fxDfFb"
      >
        <div
          class="sc-dQoVA gHpToS"
        />
        <input
          class="sc-iqHYmW csdOlB"
          value=""
        />
        <div
          class="sc-dQoVA jIDnsx"
        />
      </div>
      <p>
        .eth
      </p>
    </div>
  </div>
  <div
    class="sc-bdfBQB sc-fubCzh bmhbKs kJNOkj"
  >
    <div
      class="sc-bdfBQB sc-gKseQn bmhbKs laHPJI"
    >
      <div
        class="sc-bdfBQB sc-iBPTik bmhbKs imIHfx"
      >
        CID/IPFS Hash
        <div
          class="sc-jSgvzq bkjAsA sc-pGacB qUkTN"
        >
          <svg>
            info.svg
          </svg>
        </div>
        <div
          class="sc-bdfBQB sc-eCstlR bmhbKs KsLLM"
        >
          ens.ipfsHashToolTip
        </div>
      </div>
      <div
        class="sc-bdfBQB sc-fubCzh bmhbKs kJNOkj"
      >
        <div
          class="sc-crrszt fxDfFb"
        >
          <div
            class="sc-dQoVA gHpToS"
          />
          <input
            class="sc-iqHYmW csdOlB"
            value=""
          />
          <div
            class="sc-dQoVA jIDnsx"
          />
        </div>
      </div>
    </div>
  </div>
   
</div>
`;
