// Jest Snapshot v1, https://goo.gl/fbAQLP

exports[`UpdateENSContentEditor Should match snapshot 1`] = `
<div>
   
  <div
    class="sc-bdfBQB sc-kEjbQP bmhbKs ljWSlq"
  >
    <div
      class="sc-bdfBQB sc-iqHYmW bmhbKs bQiUav"
    >
      ens.name
      <div
        class="sc-jSgvzq bkjAsA sc-dQoVA egvdBf"
      >
        <svg>
          info.svg
        </svg>
      </div>
      <div
        class="sc-bdfBQB sc-eCstlR bmhbKs KsLLM"
      >
        ens.nameTooltip
      </div>
    </div>
    <div
      class="sc-bdfBQB sc-crrszt bmhbKs dNzdAx"
    >
      <div
        class="sc-bkzYnD eJBhqZ"
      >
        <div
          class="sc-idOiZg gPoEip"
        />
        <input
          class="sc-fFucqa fxXGyc"
          value="test"
        />
        <div
          class="sc-idOiZg bTqJsC"
        />
      </div>
      <p>
        .eth
      </p>
    </div>
  </div>
  <div
    class="sc-bdfBQB sc-crrszt bmhbKs dNzdAx"
  >
    <div
      class="sc-bdfBQB sc-kEjbQP bmhbKs ljWSlq"
    >
      <div
        class="sc-bdfBQB sc-iqHYmW bmhbKs bQiUav"
      >
        ens.ipfsHash
        <div
          class="sc-jSgvzq bkjAsA sc-dQoVA egvdBf"
        >
          <svg>
            info.svg
          </svg>
        </div>
        <div
          class="sc-bdfBQB sc-eCstlR bmhbKs KsLLM"
        >
          ens.ipfsHashToolTip
        </div>
      </div>
      <div
        class="sc-bdfBQB sc-crrszt bmhbKs dNzdAx"
      >
        <div
          class="sc-bkzYnD eJBhqZ"
        >
          <div
            class="sc-idOiZg gPoEip"
          />
          <input
            class="sc-fFucqa fxXGyc"
            value="Qm"
          />
          <div
            class="sc-idOiZg bTqJsC"
          />
        </div>
      </div>
    </div>
  </div>
   
</div>
`;
